Archive member included to satisfy reference by file (symbol)

D:/STM32Cube/STM32CubeIDE_1.14.1/STM32CubeIDE/plugins/com.st.stm32cube.ide.mcu.externaltools.gnu-tools-for-stm32.13.3.rel1.win32_1.0.0.202411081344/tools/bin/../lib/gcc/arm-none-eabi/13.3.1/../../../../arm-none-eabi/lib/thumb/v7-m/nofp\libc_nano.a(libc_a-exit.o)
                              D:/STM32Cube/STM32CubeIDE_1.14.1/STM32CubeIDE/plugins/com.st.stm32cube.ide.mcu.externaltools.gnu-tools-for-stm32.13.3.rel1.win32_1.0.0.202411081344/tools/bin/../lib/gcc/arm-none-eabi/13.3.1/../../../../arm-none-eabi/lib/thumb/v7-m/nofp/crt0.o (exit)
D:/STM32Cube/STM32CubeIDE_1.14.1/STM32CubeIDE/plugins/com.st.stm32cube.ide.mcu.externaltools.gnu-tools-for-stm32.13.3.rel1.win32_1.0.0.202411081344/tools/bin/../lib/gcc/arm-none-eabi/13.3.1/../../../../arm-none-eabi/lib/thumb/v7-m/nofp\libc_nano.a(libc_a-malloc.o)
                              ./Core/Src/scheduler.o (malloc)
D:/STM32Cube/STM32CubeIDE_1.14.1/STM32CubeIDE/plugins/com.st.stm32cube.ide.mcu.externaltools.gnu-tools-for-stm32.13.3.rel1.win32_1.0.0.202411081344/tools/bin/../lib/gcc/arm-none-eabi/13.3.1/../../../../arm-none-eabi/lib/thumb/v7-m/nofp\libc_nano.a(libc_a-mallocr.o)
                              D:/STM32Cube/STM32CubeIDE_1.14.1/STM32CubeIDE/plugins/com.st.stm32cube.ide.mcu.externaltools.gnu-tools-for-stm32.13.3.rel1.win32_1.0.0.202411081344/tools/bin/../lib/gcc/arm-none-eabi/13.3.1/../../../../arm-none-eabi/lib/thumb/v7-m/nofp\libc_nano.a(libc_a-malloc.o) (_malloc_r)
D:/STM32Cube/STM32CubeIDE_1.14.1/STM32CubeIDE/plugins/com.st.stm32cube.ide.mcu.externaltools.gnu-tools-for-stm32.13.3.rel1.win32_1.0.0.202411081344/tools/bin/../lib/gcc/arm-none-eabi/13.3.1/../../../../arm-none-eabi/lib/thumb/v7-m/nofp\libc_nano.a(libc_a-mlock.o)
                              D:/STM32Cube/STM32CubeIDE_1.14.1/STM32CubeIDE/plugins/com.st.stm32cube.ide.mcu.externaltools.gnu-tools-for-stm32.13.3.rel1.win32_1.0.0.202411081344/tools/bin/../lib/gcc/arm-none-eabi/13.3.1/../../../../arm-none-eabi/lib/thumb/v7-m/nofp\libc_nano.a(libc_a-mallocr.o) (__malloc_lock)
D:/STM32Cube/STM32CubeIDE_1.14.1/STM32CubeIDE/plugins/com.st.stm32cube.ide.mcu.externaltools.gnu-tools-for-stm32.13.3.rel1.win32_1.0.0.202411081344/tools/bin/../lib/gcc/arm-none-eabi/13.3.1/../../../../arm-none-eabi/lib/thumb/v7-m/nofp\libc_nano.a(libc_a-findfp.o)
                              D:/STM32Cube/STM32CubeIDE_1.14.1/STM32CubeIDE/plugins/com.st.stm32cube.ide.mcu.externaltools.gnu-tools-for-stm32.13.3.rel1.win32_1.0.0.202411081344/tools/bin/../lib/gcc/arm-none-eabi/13.3.1/../../../../arm-none-eabi/lib/thumb/v7-m/nofp\libc_nano.a(libc_a-exit.o) (__stdio_exit_handler)
D:/STM32Cube/STM32CubeIDE_1.14.1/STM32CubeIDE/plugins/com.st.stm32cube.ide.mcu.externaltools.gnu-tools-for-stm32.13.3.rel1.win32_1.0.0.202411081344/tools/bin/../lib/gcc/arm-none-eabi/13.3.1/../../../../arm-none-eabi/lib/thumb/v7-m/nofp\libc_nano.a(libc_a-fwalk.o)
                              D:/STM32Cube/STM32CubeIDE_1.14.1/STM32CubeIDE/plugins/com.st.stm32cube.ide.mcu.externaltools.gnu-tools-for-stm32.13.3.rel1.win32_1.0.0.202411081344/tools/bin/../lib/gcc/arm-none-eabi/13.3.1/../../../../arm-none-eabi/lib/thumb/v7-m/nofp\libc_nano.a(libc_a-findfp.o) (_fwalk_sglue)
D:/STM32Cube/STM32CubeIDE_1.14.1/STM32CubeIDE/plugins/com.st.stm32cube.ide.mcu.externaltools.gnu-tools-for-stm32.13.3.rel1.win32_1.0.0.202411081344/tools/bin/../lib/gcc/arm-none-eabi/13.3.1/../../../../arm-none-eabi/lib/thumb/v7-m/nofp\libc_nano.a(libc_a-stdio.o)
                              D:/STM32Cube/STM32CubeIDE_1.14.1/STM32CubeIDE/plugins/com.st.stm32cube.ide.mcu.externaltools.gnu-tools-for-stm32.13.3.rel1.win32_1.0.0.202411081344/tools/bin/../lib/gcc/arm-none-eabi/13.3.1/../../../../arm-none-eabi/lib/thumb/v7-m/nofp\libc_nano.a(libc_a-findfp.o) (__sread)
D:/STM32Cube/STM32CubeIDE_1.14.1/STM32CubeIDE/plugins/com.st.stm32cube.ide.mcu.externaltools.gnu-tools-for-stm32.13.3.rel1.win32_1.0.0.202411081344/tools/bin/../lib/gcc/arm-none-eabi/13.3.1/../../../../arm-none-eabi/lib/thumb/v7-m/nofp\libc_nano.a(libc_a-memset.o)
                              D:/STM32Cube/STM32CubeIDE_1.14.1/STM32CubeIDE/plugins/com.st.stm32cube.ide.mcu.externaltools.gnu-tools-for-stm32.13.3.rel1.win32_1.0.0.202411081344/tools/bin/../lib/gcc/arm-none-eabi/13.3.1/../../../../arm-none-eabi/lib/thumb/v7-m/nofp/crt0.o (memset)
D:/STM32Cube/STM32CubeIDE_1.14.1/STM32CubeIDE/plugins/com.st.stm32cube.ide.mcu.externaltools.gnu-tools-for-stm32.13.3.rel1.win32_1.0.0.202411081344/tools/bin/../lib/gcc/arm-none-eabi/13.3.1/../../../../arm-none-eabi/lib/thumb/v7-m/nofp\libc_nano.a(libc_a-closer.o)
                              D:/STM32Cube/STM32CubeIDE_1.14.1/STM32CubeIDE/plugins/com.st.stm32cube.ide.mcu.externaltools.gnu-tools-for-stm32.13.3.rel1.win32_1.0.0.202411081344/tools/bin/../lib/gcc/arm-none-eabi/13.3.1/../../../../arm-none-eabi/lib/thumb/v7-m/nofp\libc_nano.a(libc_a-stdio.o) (_close_r)
[...]
Memory Configuration

Name             Origin             Length             Attributes
RAM              0x20000000         0x00002800         xrw
FLASH            0x08000000         0x00008000         xr
*default*        0x00000000         0xffffffff

Linker script and memory map

LOAD D:/STM32Cube/STM32CubeIDE_1.14.1/STM32CubeIDE/plugins/com.st.stm32cube.ide.mcu.externaltools.gnu-tools-for-stm32.13.3.rel1.win32_1.0.0.202411081344/tools/bin/../lib/gcc/arm-none-eabi/13.3.1/thumb/v7-m/nofp/crti.o
LOAD D:/STM32Cube/STM32CubeIDE_1.14.1/STM32CubeIDE/plugins/com.st.stm32cube.ide.mcu.externaltools.gnu-tools-for-stm32.13.3.rel1.win32_1.0.0.202411081344/tools/bin/../lib/gcc/arm-none-eabi/13.3.1/thumb/v7-m/nofp/crtbegin.o
LOAD D:/STM32Cube/STM32CubeIDE_1.14.1/STM32CubeIDE/plugins/com.st.stm32cube.ide.mcu.externaltools.gnu-tools-for-stm32.13.3.rel1.win32_1.0.0.202411081344/tools/bin/../lib/gcc/arm-none-eabi/13.3.1/../../../../arm-none-eabi/lib/thumb/v7-m/nofp/crt0.o
LOAD ./Core/Src/auto_mode.o
LOAD ./Core/Src/button.o
LOAD ./Core/Src/config_mode.o
LOAD ./Core/Src/gpio.o
LOAD ./Core/Src/led_7segment.o
LOAD ./Core/Src/main.o
LOAD ./Core/Src/scheduler.o
LOAD ./Core/Src/software_timer.o
LOAD ./Core/Src/stm32f1xx_hal_msp.o
LOAD ./Core/Src/stm32f1xx_it.o
LOAD ./Core/Src/syscalls.o
LOAD ./Core/Src/sysmem.o
LOAD ./Core/Src/system_stm32f1xx.o
LOAD ./Core/Src/tasks.o
LOAD ./Core/Src/tim.o
LOAD ./Core/Src/traffic_light.o
LOAD ./Core/Startup/startup_stm32f103c6ux.o
LOAD ./Drivers/STM32F1xx_HAL_Driver/Src/stm32f1xx_hal.o
LOAD ./Drivers/STM32F1xx_HAL_Driver/Src/stm32f1xx_hal_cortex.o
LOAD ./Drivers/STM32F1xx_HAL_Driver/Src/stm32f1xx_hal_dma.o
LOAD ./Drivers/STM32F1xx_HAL_Driver/Src/stm32f1xx_hal_exti.o
LOAD ./Drivers/STM32F1xx_HAL_Driver/Src/stm32f1xx_hal_flash.o
LOAD ./Drivers/STM32F1xx_HAL_Driver/Src/stm32f1xx_hal_flash_ex.o
LOAD ./Drivers/STM32F1xx_HAL_Driver/Src/stm32f1xx_hal_gpio.o
LOAD ./Drivers/STM32F1xx_HAL_Driver/Src/stm32f1xx_hal_gpio_ex.o
LOAD ./Drivers/STM32F1xx_HAL_Driver/Src/stm32f1xx_hal_pwr.o
LOAD ./Drivers/STM32F1xx_HAL_Driver/Src/stm32f1xx_hal_rcc.o
LOAD ./Drivers/STM32F1xx_HAL_Driver/Src/stm32f1xx_hal_rcc_ex.o
LOAD ./Drivers/STM32F1xx_HAL_Driver/Src/stm32f1xx_hal_tim.o
LOAD ./Drivers/STM32F1xx_HAL_Driver/Src/stm32f1xx_hal_tim_ex.o
START GROUP
LOAD D:/STM32Cube/STM32CubeIDE_1.14.1/STM32CubeIDE/plugins/com.st.stm32cube.ide.mcu.externaltools.gnu-tools-for-stm32.13.3.rel1.win32_1.0.0.202411081344/tools/bin/../lib/gcc/arm-none-eabi/13.3.1/../../../../arm-none-eabi/lib/thumb/v7-m/nofp\libc_nano.a
LOAD D:/STM32Cube/STM32CubeIDE_1.14.1/STM32CubeIDE/plugins/com.st.stm32cube.ide.mcu.externaltools.gnu-tools-for-stm32.13.3.rel1.win32_1.0.0.202411081344/tools/bin/../lib/gcc/arm-none-eabi/13.3.1/../../../../arm-none-eabi/lib/thumb/v7-m/nofp\libm.a
END GROUP
START GROUP
LOAD D:/STM32Cube/STM32CubeIDE_1.14.1/STM32CubeIDE/plugins/com.st.stm32cube.ide.mcu.externaltools.gnu-tools-for-stm32.13.3.rel1.win32_1.0.0.202411081344/tools/bin/../lib/gcc/arm-none-eabi/13.3.1/thumb/v7-m/nofp\libgcc.a
LOAD D:/STM32Cube/STM32CubeIDE_1.14.1/STM32CubeIDE/plugins/com.st.stm32cube.ide.mcu.externaltools.gnu-tools-for-stm32.13.3.rel1.win32_1.0.0.202411081344/tools/bin/../lib/gcc/arm-none-eabi/13.3.1/../../../../arm-none-eabi/lib/thumb/v7-m/nofp\libc_nano.a
END GROUP
START GROUP
LOAD D:/STM32Cube/STM32CubeIDE_1.14.1/STM32CubeIDE/plugins/com.st.stm32cube.ide.mcu.externaltools.gnu-tools-for-stm32.13.3.rel1.win32_1.0.0.202411081344/tools/bin/../lib/gcc/arm-none-eabi/13.3.1/thumb/v7-m/nofp\libgcc.a
LOAD D:/STM32Cube/STM32CubeIDE_1.14.1/STM32CubeIDE/plugins/com.st.stm32cube.ide.mcu.externaltools.gnu-tools-for-stm32.13.3.rel1.win32_1.0.0.202411081344/tools/bin/../lib/gcc/arm-none-eabi/13.3.1/../../../../arm-none-eabi/lib/thumb/v7-m/nofp\libc_nano.a
LOAD D:/STM32Cube/STM32CubeIDE_1.14.1/STM32CubeIDE/plugins/com.st.stm32cube.ide.mcu.externaltools.gnu-tools-for-stm32.13.3.rel1.win32_1.0.0.202411081344/tools/bin/../lib/gcc/arm-none-eabi/13.3.1/../../../../arm-none-eabi/lib/thumb/v7-m/nofp\libnosys.a
END GROUP
START GROUP
LOAD D:/STM32Cube/STM32CubeIDE_1.14.1/STM32CubeIDE/plugins/com.st.stm32cube.ide.mcu.externaltools.gnu-tools-for-stm32.13.3.rel1.win32_1.0.0.202411081344/tools/bin/../lib/gcc/arm-none-eabi/13.3.1/thumb/v7-m/nofp\libgcc.a
LOAD D:/STM32Cube/STM32CubeIDE_1.14.1/STM32CubeIDE/plugins/com.st.stm32cube.ide.mcu.externaltools.gnu-tools-for-stm32.13.3.rel1.win32_1.0.0.202411081344/tools/bin/../lib/gcc/arm-none-eabi/13.3.1/../../../../arm-none-eabi/lib/thumb/v7-m/nofp\libc_nano.a
LOAD D:/STM32Cube/STM32CubeIDE_1.14.1/STM32CubeIDE/plugins/com.st.stm32cube.ide.mcu.externaltools.gnu-tools-for-stm32.13.3.rel1.win32_1.0.0.202411081344/tools/bin/../lib/gcc/arm-none-eabi/13.3.1/../../../../arm-none-eabi/lib/thumb/v7-m/nofp\libnosys.a
END GROUP
LOAD D:/STM32Cube/STM32CubeIDE_1.14.1/STM32CubeIDE/plugins/com.st.stm32cube.ide.mcu.externaltools.gnu-tools-for-stm32.13.3.rel1.win32_1.0.0.202411081344/tools/bin/../lib/gcc/arm-none-eabi/13.3.1/thumb/v7-m/nofp/crtend.o
LOAD D:/STM32Cube/STM32CubeIDE_1.14.1/STM32CubeIDE/plugins/com.st.stm32cube.ide.mcu.externaltools.gnu-tools-for-stm32.13.3.rel1.win32_1.0.0.202411081344/tools/bin/../lib/gcc/arm-none-eabi/13.3.1/thumb/v7-m/nofp/crtn.o
                0x20002800                        _estack = (ORIGIN (RAM) + LENGTH (RAM))
                0x00000200                        _Min_Heap_Size = 0x200
                0x00000400                        _Min_Stack_Size = 0x400

.isr_vector     0x08000000      0x10c
                0x08000000                        . = ALIGN (0x4)
 *(.isr_vector)
 .isr_vector    0x08000000      0x10c ./Core/Startup/startup_stm32f103c6ux.o
                0x08000000                g_pfnVectors
                0x0800010c                        . = ALIGN (0x4)

.text           0x0800010c     0x3160
                0x0800010c                        . = ALIGN (0x4)
 *(.text)
 .text          0x0800010c       0x40 D:/STM32Cube/STM32CubeIDE_1.14.1/STM32CubeIDE/plugins/com.st.stm32cube.ide.mcu.externaltools.gnu-tools-for-stm32.13.3.rel1.win32_1.0.0.202411081344/tools/bin/../lib/gcc/arm-none-eabi/13.3.1/thumb/v7-m/nofp/crtbegin.o
 *(.text*)
 .text.fsm_auto_traffic_light_run
                0x0800014c      0x3d4 ./Core/Src/auto_mode.o
                0x0800014c                fsm_auto_traffic_light_run
 .text.disable_all_tfl
                0x08000520       0x54 ./Core/Src/auto_mode.o
                0x08000520                disable_all_tfl
 .text.green_red
                0x08000574       0x54 ./Core/Src/auto_mode.o
                0x08000574                green_red
 .text.yellow_red
                0x080005c8       0x54 ./Core/Src/auto_mode.o
                0x080005c8                yellow_red
 .text.red_green
                0x0800061c       0x54 ./Core/Src/auto_mode.o
                0x0800061c                red_green
 .text.red_yellow
                0x08000670       0x54 ./Core/Src/auto_mode.o
                0x08000670                red_yellow
 .text.getKeyInput
                0x080006c4       0xa2 ./Core/Src/button.o
                0x080006c4                getKeyInput
 .text.isButtonPressed
                0x08000766       0x26 ./Core/Src/button.o
                0x08000766                isButtonPressed
 .text.fix      0x0800078c       0x36 ./Core/Src/config_mode.o
 *fill*         0x080007c2        0x2 
 .text.turn_red_on_both
                0x080007c4       0x54 ./Core/Src/config_mode.o
                0x080007c4                turn_red_on_both
 .text.turn_yel_on_both
                0x08000818       0x54 ./Core/Src/config_mode.o
                0x08000818                turn_yel_on_both
 .text.turn_grn_on_both
                0x0800086c       0x54 ./Core/Src/config_mode.o
                0x0800086c                turn_grn_on_both
 .text.confirm_red_time
                0x080008c0       0x88 ./Core/Src/config_mode.o
 .text.confirm_yel_time
                0x08000948       0x88 ./Core/Src/config_mode.o
 .text.confirm_grn_time
                0x080009d0       0xb8 ./Core/Src/config_mode.o
 .text.init_cfg_red
                0x08000a88       0x40 ./Core/Src/config_mode.o
                0x08000a88                init_cfg_red
 .text.cfg_red  0x08000ac8       0x48 ./Core/Src/config_mode.o
                0x08000ac8                cfg_red
 .text.init_cfg_yel
                0x08000b10       0x40 ./Core/Src/config_mode.o
                0x08000b10                init_cfg_yel
 .text.cfg_yel  0x08000b50       0x48 ./Core/Src/config_mode.o
                0x08000b50                cfg_yel
 .text.init_cfg_grn
                0x08000b98       0x40 ./Core/Src/config_mode.o
                0x08000b98                init_cfg_grn
 .text.cfg_grn  0x08000bd8       0x48 ./Core/Src/config_mode.o
                0x08000bd8                cfg_grn
 .text.fsm_config_traffic_light_run
                0x08000c20      0x1a8 ./Core/Src/config_mode.o
                0x08000c20                fsm_config_traffic_light_run
 .text.MX_GPIO_Init
                0x08000dc8       0xc8 ./Core/Src/gpio.o
                0x08000dc8                MX_GPIO_Init
 .text.update_clock_buffer
                0x08000e90       0x84 ./Core/Src/led_7segment.o
                0x08000e90                update_clock_buffer
 .text.display_all_clock
                0x08000f14       0xb8 ./Core/Src/led_7segment.o
                0x08000f14                display_all_clock
 .text.display_ver_num
                0x08000fcc       0xac ./Core/Src/led_7segment.o
                0x08000fcc                display_ver_num
 .text.display_hor_num
                0x08001078       0xac ./Core/Src/led_7segment.o
                0x08001078                display_hor_num
 .text.disable_all_7seg
                0x08001124       0x3c ./Core/Src/led_7segment.o
                0x08001124                disable_all_7seg
 .text.enable_num
                0x08001160      0x110 ./Core/Src/led_7segment.o
                0x08001160                enable_num
 .text.main     0x08001270       0x58 ./Core/Src/main.o
                0x08001270                main
 .text.SystemClock_Config
                0x080012c8       0x76 ./Core/Src/main.o
                0x080012c8                SystemClock_Config
 .text.HAL_TIM_PeriodElapsedCallback
                0x0800133e       0x14 ./Core/Src/main.o
                0x0800133e                HAL_TIM_PeriodElapsedCallback
 .text.Error_Handler
                0x08001352        0xc ./Core/Src/main.o
                0x08001352                Error_Handler
 *fill*         0x0800135e        0x2 
 .text.SCH_Init
                0x08001360       0x20 ./Core/Src/scheduler.o
                0x08001360                SCH_Init
 .text.SCH_Update
                0x08001380       0x54 ./Core/Src/scheduler.o
                0x08001380                SCH_Update
 .text.SCH_Add_Task
                0x080013d4       0x5c ./Core/Src/scheduler.o
                0x080013d4                SCH_Add_Task
 .text.SCH_Dispatch_Tasks
                0x08001430       0x7c ./Core/Src/scheduler.o
                0x08001430                SCH_Dispatch_Tasks
 .text.SCH_Get_New_TaskID
                0x080014ac       0x34 ./Core/Src/scheduler.o
 .text.SCH_Create_Node
                0x080014e0       0x5a ./Core/Src/scheduler.o
 .text.SCH_Free_Node
                0x0800153a       0x1c ./Core/Src/scheduler.o
 *fill*         0x08001556        0x2 
 .text.SCH_Insert_Task_Sorted
                0x08001558       0xd8 ./Core/Src/scheduler.o
 .text.HAL_MspInit
                0x08001630       0x64 ./Core/Src/stm32f1xx_hal_msp.o
                0x08001630                HAL_MspInit
 .text.NMI_Handler
                0x08001694        0x8 ./Core/Src/stm32f1xx_it.o
                0x08001694                NMI_Handler
 .text.HardFault_Handler
                0x0800169c        0x8 ./Core/Src/stm32f1xx_it.o
                0x0800169c                HardFault_Handler
 .text.MemManage_Handler
                0x080016a4        0x8 ./Core/Src/stm32f1xx_it.o
                0x080016a4                MemManage_Handler
 .text.BusFault_Handler
                0x080016ac        0x8 ./Core/Src/stm32f1xx_it.o
                0x080016ac                BusFault_Handler
 .text.UsageFault_Handler
                0x080016b4        0x8 ./Core/Src/stm32f1xx_it.o
                0x080016b4                UsageFault_Handler
 .text.SVC_Handler
                0x080016bc        0xc ./Core/Src/stm32f1xx_it.o
                0x080016bc                SVC_Handler
 .text.DebugMon_Handler
                0x080016c8        0xc ./Core/Src/stm32f1xx_it.o
                0x080016c8                DebugMon_Handler
 .text.PendSV_Handler
                0x080016d4        0xc ./Core/Src/stm32f1xx_it.o
                0x080016d4                PendSV_Handler
 .text.SysTick_Handler
                0x080016e0        0xc ./Core/Src/stm32f1xx_it.o
                0x080016e0                SysTick_Handler
 .text.TIM2_IRQHandler
                0x080016ec       0x14 ./Core/Src/stm32f1xx_it.o
                0x080016ec                TIM2_IRQHandler
 .text.TIM3_IRQHandler
                0x08001700       0x14 ./Core/Src/stm32f1xx_it.o
                0x08001700                TIM3_IRQHandler
 .text._sbrk    0x08001714       0x6c ./Core/Src/sysmem.o
                0x08001714                _sbrk
 .text.SystemInit
                0x08001780        0xc ./Core/Src/system_stm32f1xx.o
                0x08001780                SystemInit
 .text.task_toggle_status_led
                0x0800178c       0x18 ./Core/Src/tasks.o
                0x0800178c                task_toggle_status_led
 .text.task_traffic_light_fsm
                0x080017a4       0x40 ./Core/Src/tasks.o
                0x080017a4                task_traffic_light_fsm
 .text.MX_TIM2_Init
                0x080017e4       0x98 ./Core/Src/tim.o
                0x080017e4                MX_TIM2_Init
 .text.MX_TIM3_Init
                0x0800187c       0x9c ./Core/Src/tim.o
                0x0800187c                MX_TIM3_Init
 .text.HAL_TIM_Base_MspInit
                0x08001918       0x80 ./Core/Src/tim.o
                0x08001918                HAL_TIM_Base_MspInit
 .text.Reset_Handler
                0x08001998       0x48 ./Core/Startup/startup_stm32f103c6ux.o
                0x08001998                Reset_Handler
 .text.Default_Handler
                0x080019e0        0x2 ./Core/Startup/startup_stm32f103c6ux.o
                0x080019e0                RTC_Alarm_IRQHandler
                0x080019e0                EXTI2_IRQHandler
                0x080019e0                TIM1_CC_IRQHandler
                0x080019e0                PVD_IRQHandler
                0x080019e0                EXTI3_IRQHandler
                0x080019e0                EXTI0_IRQHandler
                0x080019e0                ADC1_2_IRQHandler
                0x080019e0                SPI1_IRQHandler
                0x080019e0                TAMPER_IRQHandler
                0x080019e0                DMA1_Channel4_IRQHandler
                0x080019e0                RTC_IRQHandler
                0x080019e0                DMA1_Channel7_IRQHandler
                0x080019e0                CAN1_RX1_IRQHandler
                0x080019e0                I2C1_EV_IRQHandler
                0x080019e0                DMA1_Channel6_IRQHandler
                0x080019e0                RCC_IRQHandler
                0x080019e0                TIM1_TRG_COM_IRQHandler
                0x080019e0                DMA1_Channel1_IRQHandler
                0x080019e0                Default_Handler
                0x080019e0                EXTI15_10_IRQHandler
                0x080019e0                EXTI9_5_IRQHandler
                0x080019e0                DMA1_Channel5_IRQHandler
                0x080019e0                EXTI4_IRQHandler
                0x080019e0                USB_LP_CAN1_RX0_IRQHandler
                0x080019e0                USB_HP_CAN1_TX_IRQHandler
                0x080019e0                DMA1_Channel3_IRQHandler
                0x080019e0                TIM1_UP_IRQHandler
                0x080019e0                WWDG_IRQHandler
                0x080019e0                TIM1_BRK_IRQHandler
                0x080019e0                EXTI1_IRQHandler
                0x080019e0                USART2_IRQHandler
                0x080019e0                DMA1_Channel2_IRQHandler
                0x080019e0                CAN1_SCE_IRQHandler
                0x080019e0                FLASH_IRQHandler
                0x080019e0                USART1_IRQHandler
                0x080019e0                I2C1_ER_IRQHandler
                0x080019e0                USBWakeUp_IRQHandler
 *fill*         0x080019e2        0x2 
 .text.HAL_Init
                0x080019e4       0x2c ./Drivers/STM32F1xx_HAL_Driver/Src/stm32f1xx_hal.o
                0x080019e4                HAL_Init
 .text.HAL_InitTick
                0x08001a10       0x60 ./Drivers/STM32F1xx_HAL_Driver/Src/stm32f1xx_hal.o
                0x08001a10                HAL_InitTick
 .text.HAL_IncTick
                0x08001a70       0x24 ./Drivers/STM32F1xx_HAL_Driver/Src/stm32f1xx_hal.o
                0x08001a70                HAL_IncTick
 .text.HAL_GetTick
                0x08001a94       0x14 ./Drivers/STM32F1xx_HAL_Driver/Src/stm32f1xx_hal.o
                0x08001a94                HAL_GetTick
 .text.__NVIC_SetPriorityGrouping
                0x08001aa8       0x48 ./Drivers/STM32F1xx_HAL_Driver/Src/stm32f1xx_hal_cortex.o
 .text.__NVIC_GetPriorityGrouping
                0x08001af0       0x1c ./Drivers/STM32F1xx_HAL_Driver/Src/stm32f1xx_hal_cortex.o
 .text.__NVIC_EnableIRQ
                0x08001b0c       0x38 ./Drivers/STM32F1xx_HAL_Driver/Src/stm32f1xx_hal_cortex.o
 .text.__NVIC_SetPriority
                0x08001b44       0x54 ./Drivers/STM32F1xx_HAL_Driver/Src/stm32f1xx_hal_cortex.o
 .text.NVIC_EncodePriority
                0x08001b98       0x64 ./Drivers/STM32F1xx_HAL_Driver/Src/stm32f1xx_hal_cortex.o
 .text.SysTick_Config
                0x08001bfc       0x44 ./Drivers/STM32F1xx_HAL_Driver/Src/stm32f1xx_hal_cortex.o
 .text.HAL_NVIC_SetPriorityGrouping
                0x08001c40       0x16 ./Drivers/STM32F1xx_HAL_Driver/Src/stm32f1xx_hal_cortex.o
                0x08001c40                HAL_NVIC_SetPriorityGrouping
 .text.HAL_NVIC_SetPriority
                0x08001c56       0x38 ./Drivers/STM32F1xx_HAL_Driver/Src/stm32f1xx_hal_cortex.o
                0x08001c56                HAL_NVIC_SetPriority
 .text.HAL_NVIC_EnableIRQ
                0x08001c8e       0x1c ./Drivers/STM32F1xx_HAL_Driver/Src/stm32f1xx_hal_cortex.o
                0x08001c8e                HAL_NVIC_EnableIRQ
 .text.HAL_SYSTICK_Config
                0x08001caa       0x18 ./Drivers/STM32F1xx_HAL_Driver/Src/stm32f1xx_hal_cortex.o
                0x08001caa                HAL_SYSTICK_Config
 *fill*         0x08001cc2        0x2 
 .text.HAL_GPIO_Init
                0x08001cc4      0x2f8 ./Drivers/STM32F1xx_HAL_Driver/Src/stm32f1xx_hal_gpio.o
                0x08001cc4                HAL_GPIO_Init
 .text.HAL_GPIO_ReadPin
                0x08001fbc       0x2e ./Drivers/STM32F1xx_HAL_Driver/Src/stm32f1xx_hal_gpio.o
                0x08001fbc                HAL_GPIO_ReadPin
 .text.HAL_GPIO_WritePin
                0x08001fea       0x30 ./Drivers/STM32F1xx_HAL_Driver/Src/stm32f1xx_hal_gpio.o
                0x08001fea                HAL_GPIO_WritePin
 .text.HAL_GPIO_TogglePin
                0x0800201a       0x32 ./Drivers/STM32F1xx_HAL_Driver/Src/stm32f1xx_hal_gpio.o
                0x0800201a                HAL_GPIO_TogglePin
 .text.HAL_RCC_OscConfig
                0x0800204c      0x504 ./Drivers/STM32F1xx_HAL_Driver/Src/stm32f1xx_hal_rcc.o
                0x0800204c                HAL_RCC_OscConfig
 .text.HAL_RCC_ClockConfig
                0x08002550      0x1d4 ./Drivers/STM32F1xx_HAL_Driver/Src/stm32f1xx_hal_rcc.o
                0x08002550                HAL_RCC_ClockConfig
 .text.HAL_RCC_GetSysClockFreq
                0x08002724       0xa8 ./Drivers/STM32F1xx_HAL_Driver/Src/stm32f1xx_hal_rcc.o
                0x08002724                HAL_RCC_GetSysClockFreq
 .text.RCC_Delay
                0x080027cc       0x3c ./Drivers/STM32F1xx_HAL_Driver/Src/stm32f1xx_hal_rcc.o
 .text.HAL_TIM_Base_Init
                0x08002808       0x9e ./Drivers/STM32F1xx_HAL_Driver/Src/stm32f1xx_hal_tim.o
                0x08002808                HAL_TIM_Base_Init
 *fill*         0x080028a6        0x2 
 .text.HAL_TIM_Base_Start_IT
                0x080028a8       0x98 ./Drivers/STM32F1xx_HAL_Driver/Src/stm32f1xx_hal_tim.o
                0x080028a8                HAL_TIM_Base_Start_IT
 .text.HAL_TIM_IRQHandler
                0x08002940      0x1e0 ./Drivers/STM32F1xx_HAL_Driver/Src/stm32f1xx_hal_tim.o
                0x08002940                HAL_TIM_IRQHandler
 .text.HAL_TIM_ConfigClockSource
                0x08002b20      0x18e ./Drivers/STM32F1xx_HAL_Driver/Src/stm32f1xx_hal_tim.o
                0x08002b20                HAL_TIM_ConfigClockSource
 .text.HAL_TIM_OC_DelayElapsedCallback
                0x08002cae       0x12 ./Drivers/STM32F1xx_HAL_Driver/Src/stm32f1xx_hal_tim.o
                0x08002cae                HAL_TIM_OC_DelayElapsedCallback
 .text.HAL_TIM_IC_CaptureCallback
                0x08002cc0       0x12 ./Drivers/STM32F1xx_HAL_Driver/Src/stm32f1xx_hal_tim.o
                0x08002cc0                HAL_TIM_IC_CaptureCallback
 .text.HAL_TIM_PWM_PulseFinishedCallback
                0x08002cd2       0x12 ./Drivers/STM32F1xx_HAL_Driver/Src/stm32f1xx_hal_tim.o
                0x08002cd2                HAL_TIM_PWM_PulseFinishedCallback
 .text.HAL_TIM_TriggerCallback
                0x08002ce4       0x12 ./Drivers/STM32F1xx_HAL_Driver/Src/stm32f1xx_hal_tim.o
                0x08002ce4                HAL_TIM_TriggerCallback
 *fill*         0x08002cf6        0x2 
 .text.TIM_Base_SetConfig
                0x08002cf8       0xc8 ./Drivers/STM32F1xx_HAL_Driver/Src/stm32f1xx_hal_tim.o
                0x08002cf8                TIM_Base_SetConfig
 .text.TIM_TI1_ConfigInputStage
                0x08002dc0       0x5c ./Drivers/STM32F1xx_HAL_Driver/Src/stm32f1xx_hal_tim.o
 .text.TIM_TI2_ConfigInputStage
                0x08002e1c       0x5e ./Drivers/STM32F1xx_HAL_Driver/Src/stm32f1xx_hal_tim.o
 .text.TIM_ITRx_SetConfig
                0x08002e7a       0x34 ./Drivers/STM32F1xx_HAL_Driver/Src/stm32f1xx_hal_tim.o
 .text.TIM_ETR_SetConfig
                0x08002eae       0x3e ./Drivers/STM32F1xx_HAL_Driver/Src/stm32f1xx_hal_tim.o
                0x08002eae                TIM_ETR_SetConfig
 .text.HAL_TIMEx_MasterConfigSynchronization
                0x08002eec       0xb0 ./Drivers/STM32F1xx_HAL_Driver/Src/stm32f1xx_hal_tim_ex.o
                0x08002eec                HAL_TIMEx_MasterConfigSynchronization
 .text.HAL_TIMEx_CommutCallback
                0x08002f9c       0x12 ./Drivers/STM32F1xx_HAL_Driver/Src/stm32f1xx_hal_tim_ex.o
                0x08002f9c                HAL_TIMEx_CommutCallback
 .text.HAL_TIMEx_BreakCallback
                0x08002fae       0x12 ./Drivers/STM32F1xx_HAL_Driver/Src/stm32f1xx_hal_tim_ex.o
                0x08002fae                HAL_TIMEx_BreakCallback
 .text.malloc   0x08002fc0       0x10 D:/STM32Cube/STM32CubeIDE_1.14.1/STM32CubeIDE/plugins/com.st.stm32cube.ide.mcu.externaltools.gnu-tools-for-stm32.13.3.rel1.win32_1.0.0.202411081344/tools/bin/../lib/gcc/arm-none-eabi/13.3.1/../../../../arm-none-eabi/lib/thumb/v7-m/nofp\libc_nano.a(libc_a-malloc.o)
                0x08002fc0                malloc
 .text.free     0x08002fd0       0x10 D:/STM32Cube/STM32CubeIDE_1.14.1/STM32CubeIDE/plugins/com.st.stm32cube.ide.mcu.externaltools.gnu-tools-for-stm32.13.3.rel1.win32_1.0.0.202411081344/tools/bin/../lib/gcc/arm-none-eabi/13.3.1/../../../../arm-none-eabi/lib/thumb/v7-m/nofp\libc_nano.a(libc_a-malloc.o)
                0x08002fd0                free
 .text.sbrk_aligned
                0x08002fe0       0x44 D:/STM32Cube/STM32CubeIDE_1.14.1/STM32CubeIDE/plugins/com.st.stm32cube.ide.mcu.externaltools.gnu-tools-for-stm32.13.3.rel1.win32_1.0.0.202411081344/tools/bin/../lib/gcc/arm-none-eabi/13.3.1/../../../../arm-none-eabi/lib/thumb/v7-m/nofp\libc_nano.a(libc_a-mallocr.o)
 .text._malloc_r
                0x08003024      0x100 D:/STM32Cube/STM32CubeIDE_1.14.1/STM32CubeIDE/plugins/com.st.stm32cube.ide.mcu.externaltools.gnu-tools-for-stm32.13.3.rel1.win32_1.0.0.202411081344/tools/bin/../lib/gcc/arm-none-eabi/13.3.1/../../../../arm-none-eabi/lib/thumb/v7-m/nofp\libc_nano.a(libc_a-mallocr.o)
                0x08003024                _malloc_r
 .text.__malloc_lock
                0x08003124        0xc D:/STM32Cube/STM32CubeIDE_1.14.1/STM32CubeIDE/plugins/com.st.stm32cube.ide.mcu.externaltools.gnu-tools-for-stm32.13.3.rel1.win32_1.0.0.202411081344/tools/bin/../lib/gcc/arm-none-eabi/13.3.1/../../../../arm-none-eabi/lib/thumb/v7-m/nofp\libc_nano.a(libc_a-mlock.o)
                0x08003124                __malloc_lock
 .text.__malloc_unlock
                0x08003130        0xc D:/STM32Cube/STM32CubeIDE_1.14.1/STM32CubeIDE/plugins/com.st.stm32cube.ide.mcu.externaltools.gnu-tools-for-stm32.13.3.rel1.win32_1.0.0.202411081344/tools/bin/../lib/gcc/arm-none-eabi/13.3.1/../../../../arm-none-eabi/lib/thumb/v7-m/nofp\libc_nano.a(libc_a-mlock.o)
                0x08003130                __malloc_unlock
 .text.memset   0x0800313c       0x10 D:/STM32Cube/STM32CubeIDE_1.14.1/STM32CubeIDE/plugins/com.st.stm32cube.ide.mcu.externaltools.gnu-tools-for-stm32.13.3.rel1.win32_1.0.0.202411081344/tools/bin/../lib/gcc/arm-none-eabi/13.3.1/../../../../arm-none-eabi/lib/thumb/v7-m/nofp\libc_nano.a(libc_a-memset.o)
                0x0800313c                memset
 .text._sbrk_r  0x0800314c       0x20 D:/STM32Cube/STM32CubeIDE_1.14.1/STM32CubeIDE/plugins/com.st.stm32cube.ide.mcu.externaltools.gnu-tools-for-stm32.13.3.rel1.win32_1.0.0.202411081344/tools/bin/../lib/gcc/arm-none-eabi/13.3.1/../../../../arm-none-eabi/lib/thumb/v7-m/nofp\libc_nano.a(libc_a-sbrkr.o)
                0x0800314c                _sbrk_r
 .text.__errno  0x0800316c        0xc D:/STM32Cube/STM32CubeIDE_1.14.1/STM32CubeIDE/plugins/com.st.stm32cube.ide.mcu.externaltools.gnu-tools-for-stm32.13.3.rel1.win32_1.0.0.202411081344/tools/bin/../lib/gcc/arm-none-eabi/13.3.1/../../../../arm-none-eabi/lib/thumb/v7-m/nofp\libc_nano.a(libc_a-errno.o)
                0x0800316c                __errno
 .text.__libc_init_array
                0x08003178       0x48 D:/STM32Cube/STM32CubeIDE_1.14.1/STM32CubeIDE/plugins/com.st.stm32cube.ide.mcu.externaltools.gnu-tools-for-stm32.13.3.rel1.win32_1.0.0.202411081344/tools/bin/../lib/gcc/arm-none-eabi/13.3.1/../../../../arm-none-eabi/lib/thumb/v7-m/nofp\libc_nano.a(libc_a-init.o)
                0x08003178                __libc_init_array
 .text.__retarget_lock_acquire_recursive
                0x080031c0        0x2 D:/STM32Cube/STM32CubeIDE_1.14.1/STM32CubeIDE/plugins/com.st.stm32cube.ide.mcu.externaltools.gnu-tools-for-stm32.13.3.rel1.win32_1.0.0.202411081344/tools/bin/../lib/gcc/arm-none-eabi/13.3.1/../../../../arm-none-eabi/lib/thumb/v7-m/nofp\libc_nano.a(libc_a-lock.o)
                0x080031c0                __retarget_lock_acquire_recursive
 .text.__retarget_lock_release_recursive
                0x080031c2        0x2 D:/STM32Cube/STM32CubeIDE_1.14.1/STM32CubeIDE/plugins/com.st.stm32cube.ide.mcu.externaltools.gnu-tools-for-stm32.13.3.rel1.win32_1.0.0.202411081344/tools/bin/../lib/gcc/arm-none-eabi/13.3.1/../../../../arm-none-eabi/lib/thumb/v7-m/nofp\libc_nano.a(libc_a-lock.o)
                0x080031c2                __retarget_lock_release_recursive
 .text._free_r  0x080031c4       0x90 D:/STM32Cube/STM32CubeIDE_1.14.1/STM32CubeIDE/plugins/com.st.stm32cube.ide.mcu.externaltools.gnu-tools-for-stm32.13.3.rel1.win32_1.0.0.202411081344/tools/bin/../lib/gcc/arm-none-eabi/13.3.1/../../../../arm-none-eabi/lib/thumb/v7-m/nofp\libc_nano.a(libc_a-freer.o)
                0x080031c4                _free_r
 *(.glue_7)
 .glue_7        0x08003254        0x0 linker stubs
 *(.glue_7t)
 .glue_7t       0x08003254        0x0 linker stubs
 *(.eh_frame)
 .eh_frame      0x08003254        0x0 D:/STM32Cube/STM32CubeIDE_1.14.1/STM32CubeIDE/plugins/com.st.stm32cube.ide.mcu.externaltools.gnu-tools-for-stm32.13.3.rel1.win32_1.0.0.202411081344/tools/bin/../lib/gcc/arm-none-eabi/13.3.1/thumb/v7-m/nofp/crtbegin.o
 *(.init)
 .init          0x08003254        0x4 D:/STM32Cube/STM32CubeIDE_1.14.1/STM32CubeIDE/plugins/com.st.stm32cube.ide.mcu.externaltools.gnu-tools-for-stm32.13.3.rel1.win32_1.0.0.202411081344/tools/bin/../lib/gcc/arm-none-eabi/13.3.1/thumb/v7-m/nofp/crti.o
                0x08003254                _init
 .init          0x08003258        0x8 D:/STM32Cube/STM32CubeIDE_1.14.1/STM32CubeIDE/plugins/com.st.stm32cube.ide.mcu.externaltools.gnu-tools-for-stm32.13.3.rel1.win32_1.0.0.202411081344/tools/bin/../lib/gcc/arm-none-eabi/13.3.1/thumb/v7-m/nofp/crtn.o
 *(.fini)
 .fini          0x08003260        0x4 D:/STM32Cube/STM32CubeIDE_1.14.1/STM32CubeIDE/plugins/com.st.stm32cube.ide.mcu.externaltools.gnu-tools-for-stm32.13.3.rel1.win32_1.0.0.202411081344/tools/bin/../lib/gcc/arm-none-eabi/13.3.1/thumb/v7-m/nofp/crti.o
                0x08003260                _fini
 .fini          0x08003264        0x8 D:/STM32Cube/STM32CubeIDE_1.14.1/STM32CubeIDE/plugins/com.st.stm32cube.ide.mcu.externaltools.gnu-tools-for-stm32.13.3.rel1.win32_1.0.0.202411081344/tools/bin/../lib/gcc/arm-none-eabi/13.3.1/thumb/v7-m/nofp/crtn.o
                0x0800326c                        . = ALIGN (0x4)
                0x0800326c                        _etext = .

.vfp11_veneer   0x0800326c        0x0
 .vfp11_veneer  0x0800326c        0x0 linker stubs

.v4_bx          0x0800326c        0x0
 .v4_bx         0x0800326c        0x0 linker stubs

.iplt           0x0800326c        0x0
 .iplt          0x0800326c        0x0 D:/STM32Cube/STM32CubeIDE_1.14.1/STM32CubeIDE/plugins/com.st.stm32cube.ide.mcu.externaltools.gnu-tools-for-stm32.13.3.rel1.win32_1.0.0.202411081344/tools/bin/../lib/gcc/arm-none-eabi/13.3.1/thumb/v7-m/nofp/crtbegin.o

.rodata         0x0800326c       0x30
                0x0800326c                        . = ALIGN (0x4)
 *(.rodata)
 *(.rodata*)
 .rodata.MAT_7SEG
                0x0800326c        0xa ./Core/Src/led_7segment.o
                0x0800326c                MAT_7SEG
 *fill*         0x08003276        0x2 
 .rodata.AHBPrescTable
                0x08003278       0x10 ./Core/Src/system_stm32f1xx.o
                0x08003278                AHBPrescTable
 .rodata.aPLLMULFactorTable.1
                0x08003288       0x10 ./Drivers/STM32F1xx_HAL_Driver/Src/stm32f1xx_hal_rcc.o
 .rodata.aPredivFactorTable.0
                0x08003298        0x2 ./Drivers/STM32F1xx_HAL_Driver/Src/stm32f1xx_hal_rcc.o
                0x0800329c                        . = ALIGN (0x4)
 *fill*         0x0800329a        0x2 

.ARM.extab      0x0800329c        0x0
                0x0800329c                        . = ALIGN (0x4)
 *(.ARM.extab* .gnu.linkonce.armextab.*)
                0x0800329c                        . = ALIGN (0x4)

.ARM            0x0800329c        0x0
                0x0800329c                        . = ALIGN (0x4)
                0x0800329c                        __exidx_start = .
 *(.ARM.exidx*)
                0x0800329c                        __exidx_end = .
                0x0800329c                        . = ALIGN (0x4)

.preinit_array  0x0800329c        0x0
                0x0800329c                        . = ALIGN (0x4)
                0x0800329c                        PROVIDE (__preinit_array_start = .)
 *(.preinit_array*)
                0x0800329c                        PROVIDE (__preinit_array_end = .)
                0x0800329c                        . = ALIGN (0x4)

.init_array     0x0800329c        0x4
                0x0800329c                        . = ALIGN (0x4)
                0x0800329c                        PROVIDE (__init_array_start = .)
 *(SORT_BY_NAME(.init_array.*))
 *(.init_array*)
 .init_array    0x0800329c        0x4 D:/STM32Cube/STM32CubeIDE_1.14.1/STM32CubeIDE/plugins/com.st.stm32cube.ide.mcu.externaltools.gnu-tools-for-stm32.13.3.rel1.win32_1.0.0.202411081344/tools/bin/../lib/gcc/arm-none-eabi/13.3.1/thumb/v7-m/nofp/crtbegin.o
                0x080032a0                        PROVIDE (__init_array_end = .)
                0x080032a0                        . = ALIGN (0x4)

.fini_array     0x080032a0        0x4
                0x080032a0                        . = ALIGN (0x4)
                [!provide]                        PROVIDE (__fini_array_start = .)
 *(SORT_BY_NAME(.fini_array.*))
 *(.fini_array*)
 .fini_array    0x080032a0        0x4 D:/STM32Cube/STM32CubeIDE_1.14.1/STM32CubeIDE/plugins/com.st.stm32cube.ide.mcu.externaltools.gnu-tools-for-stm32.13.3.rel1.win32_1.0.0.202411081344/tools/bin/../lib/gcc/arm-none-eabi/13.3.1/thumb/v7-m/nofp/crtbegin.o
                [!provide]                        PROVIDE (__fini_array_end = .)
                0x080032a4                        . = ALIGN (0x4)
                0x080032a4                        _sidata = LOADADDR (.data)

.rel.dyn        0x080032a4        0x0
 .rel.iplt      0x080032a4        0x0 D:/STM32Cube/STM32CubeIDE_1.14.1/STM32CubeIDE/plugins/com.st.stm32cube.ide.mcu.externaltools.gnu-tools-for-stm32.13.3.rel1.win32_1.0.0.202411081344/tools/bin/../lib/gcc/arm-none-eabi/13.3.1/thumb/v7-m/nofp/crtbegin.o

.data           0x20000000       0x94 load address 0x080032a4
                0x20000000                        . = ALIGN (0x4)
                0x20000000                        _sdata = .
 *(.data)
 *(.data*)
 .data.red_time
                0x20000000        0x1 ./Core/Src/auto_mode.o
                0x20000000                red_time
 .data.grn_time
                0x20000001        0x1 ./Core/Src/auto_mode.o
                0x20000001                grn_time
 .data.yel_time
                0x20000002        0x1 ./Core/Src/auto_mode.o
                0x20000002                yel_time
 *fill*         0x20000003        0x1 
 .data.button0  0x20000004       0x10 ./Core/Src/button.o
                0x20000004                button0
 .data.button1  0x20000014       0x10 ./Core/Src/button.o
                0x20000014                button1
 .data.button2  0x20000024       0x10 ./Core/Src/button.o
                0x20000024                button2
 .data.clock_status
                0x20000034        0x1 ./Core/Src/led_7segment.o
                0x20000034                clock_status
 .data.nextID   0x20000035        0x1 ./Core/Src/scheduler.o
 *fill*         0x20000036        0x2 
 .data.SystemCoreClock
                0x20000038        0x4 ./Core/Src/system_stm32f1xx.o
                0x20000038                SystemCoreClock
 .data.uwTickPrio
                0x2000003c        0x4 ./Drivers/STM32F1xx_HAL_Driver/Src/stm32f1xx_hal.o
                0x2000003c                uwTickPrio
 .data.uwTickFreq
                0x20000040        0x1 ./Drivers/STM32F1xx_HAL_Driver/Src/stm32f1xx_hal.o
                0x20000040                uwTickFreq
 *fill*         0x20000041        0x3 
 .data._impure_ptr
                0x20000044        0x4 D:/STM32Cube/STM32CubeIDE_1.14.1/STM32CubeIDE/plugins/com.st.stm32cube.ide.mcu.externaltools.gnu-tools-for-stm32.13.3.rel1.win32_1.0.0.202411081344/tools/bin/../lib/gcc/arm-none-eabi/13.3.1/../../../../arm-none-eabi/lib/thumb/v7-m/nofp\libc_nano.a(libc_a-impure.o)
                0x20000044                _impure_ptr
 .data._impure_data
                0x20000048       0x4c D:/STM32Cube/STM32CubeIDE_1.14.1/STM32CubeIDE/plugins/com.st.stm32cube.ide.mcu.externaltools.gnu-tools-for-stm32.13.3.rel1.win32_1.0.0.202411081344/tools/bin/../lib/gcc/arm-none-eabi/13.3.1/../../../../arm-none-eabi/lib/thumb/v7-m/nofp\libc_nano.a(libc_a-impure.o)
                0x20000048                _impure_data
 *(.RamFunc)
 *(.RamFunc*)
                0x20000094                        . = ALIGN (0x4)
                0x20000094                        _edata = .

.igot.plt       0x20000094        0x0 load address 0x08003338
 .igot.plt      0x20000094        0x0 D:/STM32Cube/STM32CubeIDE_1.14.1/STM32CubeIDE/plugins/com.st.stm32cube.ide.mcu.externaltools.gnu-tools-for-stm32.13.3.rel1.win32_1.0.0.202411081344/tools/bin/../lib/gcc/arm-none-eabi/13.3.1/thumb/v7-m/nofp/crtbegin.o
                0x20000094                        . = ALIGN (0x4)

.bss            0x20000094      0x218 load address 0x08003338
                0x20000094                        _sbss = .
                0x20000094                        __bss_start__ = _sbss
 *(.bss)
 .bss           0x20000094       0x1c D:/STM32Cube/STM32CubeIDE_1.14.1/STM32CubeIDE/plugins/com.st.stm32cube.ide.mcu.externaltools.gnu-tools-for-stm32.13.3.rel1.win32_1.0.0.202411081344/tools/bin/../lib/gcc/arm-none-eabi/13.3.1/thumb/v7-m/nofp/crtbegin.o
 *(.bss*)
 .bss.ver_clock
                0x200000b0        0x2 ./Core/Src/auto_mode.o
                0x200000b0                ver_clock
 .bss.hor_clock
                0x200000b2        0x2 ./Core/Src/auto_mode.o
                0x200000b2                hor_clock
 .bss.traffic_light_status
                0x200000b4        0x1 ./Core/Src/auto_mode.o
                0x200000b4                traffic_light_status
 *fill*         0x200000b5        0x1 
 .bss.state_counter
                0x200000b6        0x2 ./Core/Src/auto_mode.o
 .bss.clock_counter
                0x200000b8        0x2 ./Core/Src/auto_mode.o
 .bss.red_temp_time
                0x200000ba        0x1 ./Core/Src/config_mode.o
 .bss.yel_temp_time
                0x200000bb        0x1 ./Core/Src/config_mode.o
 .bss.grn_temp_time
                0x200000bc        0x1 ./Core/Src/config_mode.o
 *fill*         0x200000bd        0x1 
 .bss.blink_counter
                0x200000be        0x2 ./Core/Src/config_mode.o
 .bss.vertical_clock_buffer
                0x200000c0        0x2 ./Core/Src/led_7segment.o
                0x200000c0                vertical_clock_buffer
 *fill*         0x200000c2        0x2 
 .bss.horizontal_clock_buffer
                0x200000c4        0x2 ./Core/Src/led_7segment.o
                0x200000c4                horizontal_clock_buffer
 *fill*         0x200000c6        0x2 
 .bss.head      0x200000c8        0x4 ./Core/Src/scheduler.o
 .bss.__sbrk_heap_end
                0x200000cc        0x4 ./Core/Src/sysmem.o
 .bss.htim2     0x200000d0       0x48 ./Core/Src/tim.o
                0x200000d0                htim2
 .bss.htim3     0x20000118       0x48 ./Core/Src/tim.o
                0x20000118                htim3
 .bss.uwTick    0x20000160        0x4 ./Drivers/STM32F1xx_HAL_Driver/Src/stm32f1xx_hal.o
                0x20000160                uwTick
 .bss.__malloc_sbrk_start
                0x20000164        0x4 D:/STM32Cube/STM32CubeIDE_1.14.1/STM32CubeIDE/plugins/com.st.stm32cube.ide.mcu.externaltools.gnu-tools-for-stm32.13.3.rel1.win32_1.0.0.202411081344/tools/bin/../lib/gcc/arm-none-eabi/13.3.1/../../../../arm-none-eabi/lib/thumb/v7-m/nofp\libc_nano.a(libc_a-mallocr.o)
                0x20000164                __malloc_sbrk_start
 .bss.__malloc_free_list
                0x20000168        0x4 D:/STM32Cube/STM32CubeIDE_1.14.1/STM32CubeIDE/plugins/com.st.stm32cube.ide.mcu.externaltools.gnu-tools-for-stm32.13.3.rel1.win32_1.0.0.202411081344/tools/bin/../lib/gcc/arm-none-eabi/13.3.1/../../../../arm-none-eabi/lib/thumb/v7-m/nofp\libc_nano.a(libc_a-mallocr.o)
                0x20000168                __malloc_free_list
 .bss.__sf      0x2000016c      0x138 D:/STM32Cube/STM32CubeIDE_1.14.1/STM32CubeIDE/plugins/com.st.stm32cube.ide.mcu.externaltools.gnu-tools-for-stm32.13.3.rel1.win32_1.0.0.202411081344/tools/bin/../lib/gcc/arm-none-eabi/13.3.1/../../../../arm-none-eabi/lib/thumb/v7-m/nofp\libc_nano.a(libc_a-findfp.o)
                0x2000016c                __sf
 .bss.errno     0x200002a4        0x4 D:/STM32Cube/STM32CubeIDE_1.14.1/STM32CubeIDE/plugins/com.st.stm32cube.ide.mcu.externaltools.gnu-tools-for-stm32.13.3.rel1.win32_1.0.0.202411081344/tools/bin/../lib/gcc/arm-none-eabi/13.3.1/../../../../arm-none-eabi/lib/thumb/v7-m/nofp\libc_nano.a(libc_a-reent.o)
                0x200002a4                errno
 .bss.__lock___malloc_recursive_mutex
                0x200002a8        0x1 D:/STM32Cube/STM32CubeIDE_1.14.1/STM32CubeIDE/plugins/com.st.stm32cube.ide.mcu.externaltools.gnu-tools-for-stm32.13.3.rel1.win32_1.0.0.202411081344/tools/bin/../lib/gcc/arm-none-eabi/13.3.1/../../../../arm-none-eabi/lib/thumb/v7-m/nofp\libc_nano.a(libc_a-lock.o)
                0x200002a8                __lock___malloc_recursive_mutex
 *(COMMON)
                0x200002ac                        . = ALIGN (0x4)
 *fill*         0x200002a9        0x3 
                0x200002ac                        _ebss = .
                0x200002ac                        __bss_end__ = _ebss

._user_heap_stack
                0x200002ac      0x604 load address 0x08003338
                0x200002b0                        . = ALIGN (0x8)
 *fill*         0x200002ac        0x4 
                [!provide]                        PROVIDE (end = .)
                0x200002b0                        PROVIDE (_end = .)
                0x200004b0                        . = (. + _Min_Heap_Size)
 *fill*         0x200002b0      0x200 
                0x200008b0                        . = (. + _Min_Stack_Size)
 *fill*         0x200004b0      0x400 
                0x200008b0                        . = ALIGN (0x8)

/DISCARD/
 libc.a(*)
 libm.a(*)
 libgcc.a(*)

.ARM.attributes
                0x00000000       0x29
 *(.ARM.attributes)
 .ARM.attributes
                0x00000000       0x1d D:/STM32Cube/STM32CubeIDE_1.14.1/STM32CubeIDE/plugins/com.st.stm32cube.ide.mcu.externaltools.gnu-tools-for-stm32.13.3.rel1.win32_1.0.0.202411081344/tools/bin/../lib/gcc/arm-none-eabi/13.3.1/thumb/v7-m/nofp/crti.o
 .ARM.attributes
                0x0000001d       0x2d D:/STM32Cube/STM32CubeIDE_1.14.1/STM32CubeIDE/plugins/com.st.stm32cube.ide.mcu.externaltools.gnu-tools-for-stm32.13.3.rel1.win32_1.0.0.202411081344/tools/bin/../lib/gcc/arm-none-eabi/13.3.1/thumb/v7-m/nofp/crtbegin.o
 .ARM.attributes
                0x0000004a       0x2d ./Core/Src/auto_mode.o
 .ARM.attributes
                0x00000077       0x2d ./Core/Src/button.o
 .ARM.attributes
                0x000000a4       0x2d ./Core/Src/config_mode.o
 .ARM.attributes
                0x000000d1       0x2d ./Core/Src/gpio.o
 .ARM.attributes
                0x000000fe       0x2d ./Core/Src/led_7segment.o
 .ARM.attributes
                0x0000012b       0x2d ./Core/Src/main.o
 .ARM.attributes
                0x00000158       0x2d ./Core/Src/scheduler.o
 .ARM.attributes
                0x00000185       0x2d ./Core/Src/stm32f1xx_hal_msp.o
 .ARM.attributes
                0x000001b2       0x2d ./Core/Src/stm32f1xx_it.o
 .ARM.attributes
                0x000001df       0x2d ./Core/Src/sysmem.o
 .ARM.attributes
                0x0000020c       0x2d ./Core/Src/system_stm32f1xx.o
 .ARM.attributes
                0x00000239       0x2d ./Core/Src/tasks.o
 .ARM.attributes
                0x00000266       0x2d ./Core/Src/tim.o
 .ARM.attributes
                0x00000293       0x21 ./Core/Startup/startup_stm32f103c6ux.o
 .ARM.attributes
                0x000002b4       0x2d ./Drivers/STM32F1xx_HAL_Driver/Src/stm32f1xx_hal.o
 .ARM.attributes
                0x000002e1       0x2d ./Drivers/STM32F1xx_HAL_Driver/Src/stm32f1xx_hal_cortex.o
 .ARM.attributes
                0x0000030e       0x2d ./Drivers/STM32F1xx_HAL_Driver/Src/stm32f1xx_hal_gpio.o
 .ARM.attributes
                0x0000033b       0x2d ./Drivers/STM32F1xx_HAL_Driver/Src/stm32f1xx_hal_rcc.o
 .ARM.attributes
                0x00000368       0x2d ./Drivers/STM32F1xx_HAL_Driver/Src/stm32f1xx_hal_tim.o
 .ARM.attributes
                0x00000395       0x2d ./Drivers/STM32F1xx_HAL_Driver/Src/stm32f1xx_hal_tim_ex.o
 .ARM.attributes
                0x000003c2       0x2d D:/STM32Cube/STM32CubeIDE_1.14.1/STM32CubeIDE/plugins/com.st.stm32cube.ide.mcu.externaltools.gnu-tools-for-stm32.13.3.rel1.win32_1.0.0.202411081344/tools/bin/../lib/gcc/arm-none-eabi/13.3.1/../../../../arm-none-eabi/lib/thumb/v7-m/nofp\libc_nano.a(libc_a-malloc.o)
 .ARM.attributes
                0x000003ef       0x2d D:/STM32Cube/STM32CubeIDE_1.14.1/STM32CubeIDE/plugins/com.st.stm32cube.ide.mcu.externaltools.gnu-tools-for-stm32.13.3.rel1.win32_1.0.0.202411081344/tools/bin/../lib/gcc/arm-none-eabi/13.3.1/../../../../arm-none-eabi/lib/thumb/v7-m/nofp\libc_nano.a(libc_a-mallocr.o)
 .ARM.attributes
                0x0000041c       0x2d D:/STM32Cube/STM32CubeIDE_1.14.1/STM32CubeIDE/plugins/com.st.stm32cube.ide.mcu.externaltools.gnu-tools-for-stm32.13.3.rel1.win32_1.0.0.202411081344/tools/bin/../lib/gcc/arm-none-eabi/13.3.1/../../../../arm-none-eabi/lib/thumb/v7-m/nofp\libc_nano.a(libc_a-mlock.o)
 .ARM.attributes
                0x00000449       0x2d D:/STM32Cube/STM32CubeIDE_1.14.1/STM32CubeIDE/plugins/com.st.stm32cube.ide.mcu.externaltools.gnu-tools-for-stm32.13.3.rel1.win32_1.0.0.202411081344/tools/bin/../lib/gcc/arm-none-eabi/13.3.1/../../../../arm-none-eabi/lib/thumb/v7-m/nofp\libc_nano.a(libc_a-findfp.o)
 .ARM.attributes
                0x00000476       0x2d D:/STM32Cube/STM32CubeIDE_1.14.1/STM32CubeIDE/plugins/com.st.stm32cube.ide.mcu.externaltools.gnu-tools-for-stm32.13.3.rel1.win32_1.0.0.202411081344/tools/bin/../lib/gcc/arm-none-eabi/13.3.1/../../../../arm-none-eabi/lib/thumb/v7-m/nofp\libc_nano.a(libc_a-memset.o)
 .ARM.attributes
                0x000004a3       0x2d D:/STM32Cube/STM32CubeIDE_1.14.1/STM32CubeIDE/plugins/com.st.stm32cube.ide.mcu.externaltools.gnu-tools-for-stm32.13.3.rel1.win32_1.0.0.202411081344/tools/bin/../lib/gcc/arm-none-eabi/13.3.1/../../../../arm-none-eabi/lib/thumb/v7-m/nofp\libc_nano.a(libc_a-reent.o)
 .ARM.attributes
                0x000004d0       0x2d D:/STM32Cube/STM32CubeIDE_1.14.1/STM32CubeIDE/plugins/com.st.stm32cube.ide.mcu.externaltools.gnu-tools-for-stm32.13.3.rel1.win32_1.0.0.202411081344/tools/bin/../lib/gcc/arm-none-eabi/13.3.1/../../../../arm-none-eabi/lib/thumb/v7-m/nofp\libc_nano.a(libc_a-impure.o)
 .ARM.attributes
                0x000004fd       0x2d D:/STM32Cube/STM32CubeIDE_1.14.1/STM32CubeIDE/plugins/com.st.stm32cube.ide.mcu.externaltools.gnu-tools-for-stm32.13.3.rel1.win32_1.0.0.202411081344/tools/bin/../lib/gcc/arm-none-eabi/13.3.1/../../../../arm-none-eabi/lib/thumb/v7-m/nofp\libc_nano.a(libc_a-sbrkr.o)
 .ARM.attributes
                0x0000052a       0x2d D:/STM32Cube/STM32CubeIDE_1.14.1/STM32CubeIDE/plugins/com.st.stm32cube.ide.mcu.externaltools.gnu-tools-for-stm32.13.3.rel1.win32_1.0.0.202411081344/tools/bin/../lib/gcc/arm-none-eabi/13.3.1/../../../../arm-none-eabi/lib/thumb/v7-m/nofp\libc_nano.a(libc_a-errno.o)
 .ARM.attributes
                0x00000557       0x2d D:/STM32Cube/STM32CubeIDE_1.14.1/STM32CubeIDE/plugins/com.st.stm32cube.ide.mcu.externaltools.gnu-tools-for-stm32.13.3.rel1.win32_1.0.0.202411081344/tools/bin/../lib/gcc/arm-none-eabi/13.3.1/../../../../arm-none-eabi/lib/thumb/v7-m/nofp\libc_nano.a(libc_a-init.o)
 .ARM.attributes
                0x00000584       0x2d D:/STM32Cube/STM32CubeIDE_1.14.1/STM32CubeIDE/plugins/com.st.stm32cube.ide.mcu.externaltools.gnu-tools-for-stm32.13.3.rel1.win32_1.0.0.202411081344/tools/bin/../lib/gcc/arm-none-eabi/13.3.1/../../../../arm-none-eabi/lib/thumb/v7-m/nofp\libc_nano.a(libc_a-lock.o)
 .ARM.attributes
                0x000005b1       0x2d D:/STM32Cube/STM32CubeIDE_1.14.1/STM32CubeIDE/plugins/com.st.stm32cube.ide.mcu.externaltools.gnu-tools-for-stm32.13.3.rel1.win32_1.0.0.202411081344/tools/bin/../lib/gcc/arm-none-eabi/13.3.1/../../../../arm-none-eabi/lib/thumb/v7-m/nofp\libc_nano.a(libc_a-freer.o)
 .ARM.attributes
                0x000005de       0x1d D:/STM32Cube/STM32CubeIDE_1.14.1/STM32CubeIDE/plugins/com.st.stm32cube.ide.mcu.externaltools.gnu-tools-for-stm32.13.3.rel1.win32_1.0.0.202411081344/tools/bin/../lib/gcc/arm-none-eabi/13.3.1/thumb/v7-m/nofp/crtn.o
OUTPUT(CO3010_MCU_LAB4_COOPERATIVE_SCHEDULER.elf elf32-littlearm)
LOAD linker stubs
LOAD D:/STM32Cube/STM32CubeIDE_1.14.1/STM32CubeIDE/plugins/com.st.stm32cube.ide.mcu.externaltools.gnu-tools-for-stm32.13.3.rel1.win32_1.0.0.202411081344/tools/bin/../lib/gcc/arm-none-eabi/13.3.1/../../../../arm-none-eabi/lib/thumb/v7-m/nofp\libc.a
LOAD D:/STM32Cube/STM32CubeIDE_1.14.1/STM32CubeIDE/plugins/com.st.stm32cube.ide.mcu.externaltools.gnu-tools-for-stm32.13.3.rel1.win32_1.0.0.202411081344/tools/bin/../lib/gcc/arm-none-eabi/13.3.1/../../../../arm-none-eabi/lib/thumb/v7-m/nofp\libm.a
LOAD D:/STM32Cube/STM32CubeIDE_1.14.1/STM32CubeIDE/plugins/com.st.stm32cube.ide.mcu.externaltools.gnu-tools-for-stm32.13.3.rel1.win32_1.0.0.202411081344/tools/bin/../lib/gcc/arm-none-eabi/13.3.1/thumb/v7-m/nofp\libgcc.a

.debug_info     0x00000000     0x938d
 .debug_info    0x00000000      0x386 ./Core/Src/auto_mode.o
 .debug_info    0x00000386      0x2cf ./Core/Src/button.o
 .debug_info    0x00000655      0x499 ./Core/Src/config_mode.o
 .debug_info    0x00000aee      0x29b ./Core/Src/gpio.o
 .debug_info    0x00000d89      0x2ff ./Core/Src/led_7segment.o
 .debug_info    0x00001088      0x900 ./Core/Src/main.o
 .debug_info    0x00001988      0x427 ./Core/Src/scheduler.o
 .debug_info    0x00001daf      0x1f1 ./Core/Src/stm32f1xx_hal_msp.o
 .debug_info    0x00001fa0      0x6b9 ./Core/Src/stm32f1xx_it.o
 .debug_info    0x00002659      0x168 ./Core/Src/sysmem.o
 .debug_info    0x000027c1      0x222 ./Core/Src/system_stm32f1xx.o
 .debug_info    0x000029e3      0x2bb ./Core/Src/tasks.o
 .debug_info    0x00002c9e      0x9fc ./Core/Src/tim.o
 .debug_info    0x0000369a       0x30 ./Core/Startup/startup_stm32f103c6ux.o
 .debug_info    0x000036ca      0x6e6 ./Drivers/STM32F1xx_HAL_Driver/Src/stm32f1xx_hal.o
 .debug_info    0x00003db0      0xa69 ./Drivers/STM32F1xx_HAL_Driver/Src/stm32f1xx_hal_cortex.o
 .debug_info    0x00004819      0x5ab ./Drivers/STM32F1xx_HAL_Driver/Src/stm32f1xx_hal_gpio.o
 .debug_info    0x00004dc4      0x7d5 ./Drivers/STM32F1xx_HAL_Driver/Src/stm32f1xx_hal_rcc.o
 .debug_info    0x00005599     0x2959 ./Drivers/STM32F1xx_HAL_Driver/Src/stm32f1xx_hal_tim.o
 .debug_info    0x00007ef2     0x149b ./Drivers/STM32F1xx_HAL_Driver/Src/stm32f1xx_hal_tim_ex.o

.debug_abbrev   0x00000000     0x227c
 .debug_abbrev  0x00000000      0x1a1 ./Core/Src/auto_mode.o
 .debug_abbrev  0x000001a1      0x1a7 ./Core/Src/button.o
 .debug_abbrev  0x00000348      0x1f2 ./Core/Src/config_mode.o
 .debug_abbrev  0x0000053a      0x13f ./Core/Src/gpio.o
 .debug_abbrev  0x00000679      0x18a ./Core/Src/led_7segment.o
 .debug_abbrev  0x00000803      0x256 ./Core/Src/main.o
 .debug_abbrev  0x00000a59      0x1b2 ./Core/Src/scheduler.o
 .debug_abbrev  0x00000c0b       0xdb ./Core/Src/stm32f1xx_hal_msp.o
 .debug_abbrev  0x00000ce6      0x193 ./Core/Src/stm32f1xx_it.o
 .debug_abbrev  0x00000e79       0xbc ./Core/Src/sysmem.o
 .debug_abbrev  0x00000f35      0x13f ./Core/Src/system_stm32f1xx.o
 .debug_abbrev  0x00001074      0x158 ./Core/Src/tasks.o
 .debug_abbrev  0x000011cc      0x21d ./Core/Src/tim.o
 .debug_abbrev  0x000013e9       0x24 ./Core/Startup/startup_stm32f103c6ux.o
 .debug_abbrev  0x0000140d      0x201 ./Drivers/STM32F1xx_HAL_Driver/Src/stm32f1xx_hal.o
 .debug_abbrev  0x0000160e      0x2f8 ./Drivers/STM32F1xx_HAL_Driver/Src/stm32f1xx_hal_cortex.o
 .debug_abbrev  0x00001906      0x1ca ./Drivers/STM32F1xx_HAL_Driver/Src/stm32f1xx_hal_gpio.o
 .debug_abbrev  0x00001ad0      0x2b3 ./Drivers/STM32F1xx_HAL_Driver/Src/stm32f1xx_hal_rcc.o
 .debug_abbrev  0x00001d83      0x277 ./Drivers/STM32F1xx_HAL_Driver/Src/stm32f1xx_hal_tim.o
 .debug_abbrev  0x00001ffa      0x282 ./Drivers/STM32F1xx_HAL_Driver/Src/stm32f1xx_hal_tim_ex.o

.debug_aranges  0x00000000      0xb88
 .debug_aranges
                0x00000000       0x48 ./Core/Src/auto_mode.o
 .debug_aranges
                0x00000048       0x38 ./Core/Src/button.o
 .debug_aranges
                0x00000080       0x88 ./Core/Src/config_mode.o
 .debug_aranges
                0x00000108       0x20 ./Core/Src/gpio.o
 .debug_aranges
                0x00000128       0x48 ./Core/Src/led_7segment.o
 .debug_aranges
                0x00000170       0x38 ./Core/Src/main.o
 .debug_aranges
                0x000001a8       0x70 ./Core/Src/scheduler.o
 .debug_aranges
                0x00000218       0x20 ./Core/Src/stm32f1xx_hal_msp.o
 .debug_aranges
                0x00000238       0x70 ./Core/Src/stm32f1xx_it.o
 .debug_aranges
                0x000002a8       0x20 ./Core/Src/sysmem.o
 .debug_aranges
                0x000002c8       0x28 ./Core/Src/system_stm32f1xx.o
 .debug_aranges
                0x000002f0       0x38 ./Core/Src/tasks.o
 .debug_aranges
                0x00000328       0x38 ./Core/Src/tim.o
 .debug_aranges
                0x00000360       0x28 ./Core/Startup/startup_stm32f103c6ux.o
 .debug_aranges
                0x00000388       0xe0 ./Drivers/STM32F1xx_HAL_Driver/Src/stm32f1xx_hal.o
 .debug_aranges
                0x00000468      0x100 ./Drivers/STM32F1xx_HAL_Driver/Src/stm32f1xx_hal_cortex.o
 .debug_aranges
                0x00000568       0x58 ./Drivers/STM32F1xx_HAL_Driver/Src/stm32f1xx_hal_gpio.o
 .debug_aranges
                0x000005c0       0x90 ./Drivers/STM32F1xx_HAL_Driver/Src/stm32f1xx_hal_rcc.o
 .debug_aranges
                0x00000650      0x3d0 ./Drivers/STM32F1xx_HAL_Driver/Src/stm32f1xx_hal_tim.o
 .debug_aranges
                0x00000a20      0x168 ./Drivers/STM32F1xx_HAL_Driver/Src/stm32f1xx_hal_tim_ex.o

.debug_rnglists
                0x00000000      0x8b9
 .debug_rnglists
                0x00000000       0x32 ./Core/Src/auto_mode.o
 .debug_rnglists
                0x00000032       0x26 ./Core/Src/button.o
 .debug_rnglists
                0x00000058       0x65 ./Core/Src/config_mode.o
 .debug_rnglists
                0x000000bd       0x14 ./Core/Src/gpio.o
 .debug_rnglists
                0x000000d1       0x36 ./Core/Src/led_7segment.o
 .debug_rnglists
                0x00000107       0x25 ./Core/Src/main.o
 .debug_rnglists
                0x0000012c       0x50 ./Core/Src/scheduler.o
 .debug_rnglists
                0x0000017c       0x13 ./Core/Src/stm32f1xx_hal_msp.o
 .debug_rnglists
                0x0000018f       0x4f ./Core/Src/stm32f1xx_it.o
 .debug_rnglists
                0x000001de       0x13 ./Core/Src/sysmem.o
 .debug_rnglists
                0x000001f1       0x1a ./Core/Src/system_stm32f1xx.o
 .debug_rnglists
                0x0000020b       0x25 ./Core/Src/tasks.o
 .debug_rnglists
                0x00000230       0x28 ./Core/Src/tim.o
 .debug_rnglists
                0x00000258       0x19 ./Core/Startup/startup_stm32f103c6ux.o
 .debug_rnglists
                0x00000271       0xa3 ./Drivers/STM32F1xx_HAL_Driver/Src/stm32f1xx_hal.o
 .debug_rnglists
                0x00000314       0xbb ./Drivers/STM32F1xx_HAL_Driver/Src/stm32f1xx_hal_cortex.o
 .debug_rnglists
                0x000003cf       0x3f ./Drivers/STM32F1xx_HAL_Driver/Src/stm32f1xx_hal_gpio.o
 .debug_rnglists
                0x0000040e       0x6c ./Drivers/STM32F1xx_HAL_Driver/Src/stm32f1xx_hal_rcc.o
 .debug_rnglists
                0x0000047a      0x31a ./Drivers/STM32F1xx_HAL_Driver/Src/stm32f1xx_hal_tim.o
 .debug_rnglists
                0x00000794      0x125 ./Drivers/STM32F1xx_HAL_Driver/Src/stm32f1xx_hal_tim_ex.o

.debug_macro    0x00000000    0x17f16
 .debug_macro   0x00000000      0x1dc ./Core/Src/auto_mode.o
 .debug_macro   0x000001dc      0xacc ./Core/Src/auto_mode.o
 .debug_macro   0x00000ca8      0x215 ./Core/Src/auto_mode.o
 .debug_macro   0x00000ebd       0x2e ./Core/Src/auto_mode.o
 .debug_macro   0x00000eeb       0x22 ./Core/Src/auto_mode.o
 .debug_macro   0x00000f0d       0x22 ./Core/Src/auto_mode.o
 .debug_macro   0x00000f2f       0x8e ./Core/Src/auto_mode.o
 .debug_macro   0x00000fbd       0x51 ./Core/Src/auto_mode.o
 .debug_macro   0x0000100e      0x103 ./Core/Src/auto_mode.o
 .debug_macro   0x00001111       0x6a ./Core/Src/auto_mode.o
 .debug_macro   0x0000117b      0x1df ./Core/Src/auto_mode.o
 .debug_macro   0x0000135a       0x1c ./Core/Src/auto_mode.o
 .debug_macro   0x00001376       0x22 ./Core/Src/auto_mode.o
 .debug_macro   0x00001398       0xbd ./Core/Src/auto_mode.o
 .debug_macro   0x00001455      0xd23 ./Core/Src/auto_mode.o
 .debug_macro   0x00002178     0xde75 ./Core/Src/auto_mode.o
 .debug_macro   0x0000ffed       0x6d ./Core/Src/auto_mode.o
 .debug_macro   0x0001005a     0x34a2 ./Core/Src/auto_mode.o
 .debug_macro   0x000134fc      0x190 ./Core/Src/auto_mode.o
 .debug_macro   0x0001368c       0x5c ./Core/Src/auto_mode.o
 .debug_macro   0x000136e8      0x5bc ./Core/Src/auto_mode.o
 .debug_macro   0x00013ca4      0x1b7 ./Core/Src/auto_mode.o
 .debug_macro   0x00013e5b      0x1cb ./Core/Src/auto_mode.o
 .debug_macro   0x00014026      0x114 ./Core/Src/auto_mode.o
 .debug_macro   0x0001413a      0x1b2 ./Core/Src/auto_mode.o
 .debug_macro   0x000142ec       0x27 ./Core/Src/auto_mode.o
 .debug_macro   0x00014313      0x12f ./Core/Src/auto_mode.o
 .debug_macro   0x00014442      0x1bc ./Core/Src/auto_mode.o
 .debug_macro   0x000145fe       0x34 ./Core/Src/auto_mode.o
 .debug_macro   0x00014632       0x3c ./Core/Src/auto_mode.o
 .debug_macro   0x0001466e       0x57 ./Core/Src/auto_mode.o
 .debug_macro   0x000146c5       0x87 ./Core/Src/auto_mode.o
 .debug_macro   0x0001474c      0x183 ./Core/Src/auto_mode.o
 .debug_macro   0x000148cf      0x140 ./Core/Src/auto_mode.o
 .debug_macro   0x00014a0f      0x8ed ./Core/Src/auto_mode.o
 .debug_macro   0x000152fc       0x69 ./Core/Src/auto_mode.o
 .debug_macro   0x00015365      0x16c ./Core/Src/auto_mode.o
 .debug_macro   0x000154d1       0x52 ./Core/Src/auto_mode.o
 .debug_macro   0x00015523       0x10 ./Core/Src/auto_mode.o
 .debug_macro   0x00015533      0x1be ./Core/Src/button.o
 .debug_macro   0x000156f1      0x1e6 ./Core/Src/config_mode.o
 .debug_macro   0x000158d7       0x16 ./Core/Src/config_mode.o
 .debug_macro   0x000158ed      0x1b0 ./Core/Src/gpio.o
 .debug_macro   0x00015a9d      0x1b9 ./Core/Src/led_7segment.o
 .debug_macro   0x00015c56      0x206 ./Core/Src/main.o
 .debug_macro   0x00015e5c      0x29b ./Core/Src/scheduler.o
 .debug_macro   0x000160f7       0x24 ./Core/Src/scheduler.o
 .debug_macro   0x0001611b       0x61 ./Core/Src/scheduler.o
 .debug_macro   0x0001617c       0x43 ./Core/Src/scheduler.o
 .debug_macro   0x000161bf       0x34 ./Core/Src/scheduler.o
 .debug_macro   0x000161f3       0x16 ./Core/Src/scheduler.o
 .debug_macro   0x00016209       0x3c ./Core/Src/scheduler.o
 .debug_macro   0x00016245      0x370 ./Core/Src/scheduler.o
 .debug_macro   0x000165b5       0x16 ./Core/Src/scheduler.o
 .debug_macro   0x000165cb       0x4a ./Core/Src/scheduler.o
 .debug_macro   0x00016615       0x34 ./Core/Src/scheduler.o
 .debug_macro   0x00016649       0x10 ./Core/Src/scheduler.o
 .debug_macro   0x00016659       0x58 ./Core/Src/scheduler.o
 .debug_macro   0x000166b1       0x8e ./Core/Src/scheduler.o
 .debug_macro   0x0001673f       0x1c ./Core/Src/scheduler.o
 .debug_macro   0x0001675b      0x185 ./Core/Src/scheduler.o
 .debug_macro   0x000168e0       0x16 ./Core/Src/scheduler.o
 .debug_macro   0x000168f6       0x29 ./Core/Src/scheduler.o
 .debug_macro   0x0001691f      0x1a6 ./Core/Src/stm32f1xx_hal_msp.o
 .debug_macro   0x00016ac5      0x1b0 ./Core/Src/stm32f1xx_it.o
 .debug_macro   0x00016c75      0x112 ./Core/Src/sysmem.o
 .debug_macro   0x00016d87      0x23c ./Core/Src/sysmem.o
 .debug_macro   0x00016fc3      0x197 ./Core/Src/system_stm32f1xx.o
 .debug_macro   0x0001715a      0x1e0 ./Core/Src/tasks.o
 .debug_macro   0x0001733a      0x1b0 ./Core/Src/tim.o
 .debug_macro   0x000174ea      0x1bb ./Drivers/STM32F1xx_HAL_Driver/Src/stm32f1xx_hal.o
 .debug_macro   0x000176a5      0x197 ./Drivers/STM32F1xx_HAL_Driver/Src/stm32f1xx_hal_cortex.o
 .debug_macro   0x0001783c      0x202 ./Drivers/STM32F1xx_HAL_Driver/Src/stm32f1xx_hal_gpio.o
 .debug_macro   0x00017a3e      0x1a9 ./Drivers/STM32F1xx_HAL_Driver/Src/stm32f1xx_hal_rcc.o
 .debug_macro   0x00017be7      0x198 ./Drivers/STM32F1xx_HAL_Driver/Src/stm32f1xx_hal_tim.o
 .debug_macro   0x00017d7f      0x197 ./Drivers/STM32F1xx_HAL_Driver/Src/stm32f1xx_hal_tim_ex.o

.debug_line     0x00000000     0xe2ab
 .debug_line    0x00000000      0x934 ./Core/Src/auto_mode.o
 .debug_line    0x00000934      0x7a9 ./Core/Src/button.o
 .debug_line    0x000010dd      0xa37 ./Core/Src/config_mode.o
 .debug_line    0x00001b14      0x6f8 ./Core/Src/gpio.o
 .debug_line    0x0000220c      0x813 ./Core/Src/led_7segment.o
 .debug_line    0x00002a1f      0x7d4 ./Core/Src/main.o
 .debug_line    0x000031f3      0xbd2 ./Core/Src/scheduler.o
 .debug_line    0x00003dc5      0x6d1 ./Core/Src/stm32f1xx_hal_msp.o
 .debug_line    0x00004496      0x7af ./Core/Src/stm32f1xx_it.o
 .debug_line    0x00004c45      0x663 ./Core/Src/sysmem.o
 .debug_line    0x000052a8      0x74f ./Core/Src/system_stm32f1xx.o
 .debug_line    0x000059f7      0x76e ./Core/Src/tasks.o
 .debug_line    0x00006165      0x7ca ./Core/Src/tim.o
 .debug_line    0x0000692f       0x78 ./Core/Startup/startup_stm32f103c6ux.o
 .debug_line    0x000069a7      0x980 ./Drivers/STM32F1xx_HAL_Driver/Src/stm32f1xx_hal.o
 .debug_line    0x00007327      0xb4a ./Drivers/STM32F1xx_HAL_Driver/Src/stm32f1xx_hal_cortex.o
 .debug_line    0x00007e71      0x9c8 ./Drivers/STM32F1xx_HAL_Driver/Src/stm32f1xx_hal_gpio.o
 .debug_line    0x00008839      0xe39 ./Drivers/STM32F1xx_HAL_Driver/Src/stm32f1xx_hal_rcc.o
 .debug_line    0x00009672     0x3425 ./Drivers/STM32F1xx_HAL_Driver/Src/stm32f1xx_hal_tim.o
 .debug_line    0x0000ca97     0x1814 ./Drivers/STM32F1xx_HAL_Driver/Src/stm32f1xx_hal_tim_ex.o

.debug_str      0x00000000    0x8622b
 .debug_str     0x00000000    0x8622b ./Core/Src/auto_mode.o
                              0x7ff7c (size before relaxing)
 .debug_str     0x0008622b    0x7fe4b ./Core/Src/button.o
 .debug_str     0x0008622b    0x80065 ./Core/Src/config_mode.o
 .debug_str     0x0008622b    0x7fd45 ./Core/Src/gpio.o
 .debug_str     0x0008622b    0x7fecb ./Core/Src/led_7segment.o
 .debug_str     0x0008622b    0x80563 ./Core/Src/main.o
 .debug_str     0x0008622b    0x83130 ./Core/Src/scheduler.o
 .debug_str     0x0008622b    0x7fccd ./Core/Src/stm32f1xx_hal_msp.o
 .debug_str     0x0008622b    0x801e9 ./Core/Src/stm32f1xx_it.o
 .debug_str     0x0008622b     0x7724 ./Core/Src/sysmem.o
 .debug_str     0x0008622b    0x7f7ca ./Core/Src/system_stm32f1xx.o
 .debug_str     0x0008622b    0x7ff57 ./Core/Src/tasks.o
 .debug_str     0x0008622b    0x805c7 ./Core/Src/tim.o
 .debug_str     0x0008622b       0x7e ./Core/Startup/startup_stm32f103c6ux.o
 .debug_str     0x0008622b    0x7fec3 ./Drivers/STM32F1xx_HAL_Driver/Src/stm32f1xx_hal.o
 .debug_str     0x0008622b    0x7fe0f ./Drivers/STM32F1xx_HAL_Driver/Src/stm32f1xx_hal_cortex.o
 .debug_str     0x0008622b    0x7fb50 ./Drivers/STM32F1xx_HAL_Driver/Src/stm32f1xx_hal_gpio.o
 .debug_str     0x0008622b    0x7fbf9 ./Drivers/STM32F1xx_HAL_Driver/Src/stm32f1xx_hal_rcc.o
 .debug_str     0x0008622b    0x80bfb ./Drivers/STM32F1xx_HAL_Driver/Src/stm32f1xx_hal_tim.o
 .debug_str     0x0008622b    0x80407 ./Drivers/STM32F1xx_HAL_Driver/Src/stm32f1xx_hal_tim_ex.o

.comment        0x00000000       0x43
 .comment       0x00000000       0x43 ./Core/Src/auto_mode.o
                                 0x44 (size before relaxing)
 .comment       0x00000043       0x44 ./Core/Src/button.o
 .comment       0x00000043       0x44 ./Core/Src/config_mode.o
 .comment       0x00000043       0x44 ./Core/Src/gpio.o
 .comment       0x00000043       0x44 ./Core/Src/led_7segment.o
 .comment       0x00000043       0x44 ./Core/Src/main.o
 .comment       0x00000043       0x44 ./Core/Src/scheduler.o
 .comment       0x00000043       0x44 ./Core/Src/stm32f1xx_hal_msp.o
 .comment       0x00000043       0x44 ./Core/Src/stm32f1xx_it.o
 .comment       0x00000043       0x44 ./Core/Src/sysmem.o
 .comment       0x00000043       0x44 ./Core/Src/system_stm32f1xx.o
 .comment       0x00000043       0x44 ./Core/Src/tasks.o
 .comment       0x00000043       0x44 ./Core/Src/tim.o
 .comment       0x00000043       0x44 ./Drivers/STM32F1xx_HAL_Driver/Src/stm32f1xx_hal.o
 .comment       0x00000043       0x44 ./Drivers/STM32F1xx_HAL_Driver/Src/stm32f1xx_hal_cortex.o
 .comment       0x00000043       0x44 ./Drivers/STM32F1xx_HAL_Driver/Src/stm32f1xx_hal_gpio.o
 .comment       0x00000043       0x44 ./Drivers/STM32F1xx_HAL_Driver/Src/stm32f1xx_hal_rcc.o
 .comment       0x00000043       0x44 ./Drivers/STM32F1xx_HAL_Driver/Src/stm32f1xx_hal_tim.o
 .comment       0x00000043       0x44 ./Drivers/STM32F1xx_HAL_Driver/Src/stm32f1xx_hal_tim_ex.o

.debug_frame    0x00000000     0x2fd4
 .debug_frame   0x00000000       0xb8 ./Core/Src/auto_mode.o
 .debug_frame   0x000000b8       0xac ./Core/Src/button.o
 .debug_frame   0x00000164      0x1c4 ./Core/Src/config_mode.o
 .debug_frame   0x00000328       0x34 ./Core/Src/gpio.o
 .debug_frame   0x0000035c       0xd4 ./Core/Src/led_7segment.o
 .debug_frame   0x00000430       0x8c ./Core/Src/main.o
 .debug_frame   0x000004bc      0x1a0 ./Core/Src/scheduler.o
 .debug_frame   0x0000065c       0x38 ./Core/Src/stm32f1xx_hal_msp.o
 .debug_frame   0x00000694      0x13c ./Core/Src/stm32f1xx_it.o
 .debug_frame   0x000007d0       0x34 ./Core/Src/sysmem.o
 .debug_frame   0x00000804       0x58 ./Core/Src/system_stm32f1xx.o
 .debug_frame   0x0000085c       0x80 ./Core/Src/tasks.o
 .debug_frame   0x000008dc       0xa0 ./Core/Src/tim.o
 .debug_frame   0x0000097c      0x334 ./Drivers/STM32F1xx_HAL_Driver/Src/stm32f1xx_hal.o
 .debug_frame   0x00000cb0      0x428 ./Drivers/STM32F1xx_HAL_Driver/Src/stm32f1xx_hal_cortex.o
 .debug_frame   0x000010d8      0x14c ./Drivers/STM32F1xx_HAL_Driver/Src/stm32f1xx_hal_gpio.o
 .debug_frame   0x00001224      0x218 ./Drivers/STM32F1xx_HAL_Driver/Src/stm32f1xx_hal_rcc.o
 .debug_frame   0x0000143c     0x11b4 ./Drivers/STM32F1xx_HAL_Driver/Src/stm32f1xx_hal_tim.o
 .debug_frame   0x000025f0      0x638 ./Drivers/STM32F1xx_HAL_Driver/Src/stm32f1xx_hal_tim_ex.o
 .debug_frame   0x00002c28       0x30 D:/STM32Cube/STM32CubeIDE_1.14.1/STM32CubeIDE/plugins/com.st.stm32cube.ide.mcu.externaltools.gnu-tools-for-stm32.13.3.rel1.win32_1.0.0.202411081344/tools/bin/../lib/gcc/arm-none-eabi/13.3.1/../../../../arm-none-eabi/lib/thumb/v7-m/nofp\libc_nano.a(libc_a-malloc.o)
 .debug_frame   0x00002c58       0x50 D:/STM32Cube/STM32CubeIDE_1.14.1/STM32CubeIDE/plugins/com.st.stm32cube.ide.mcu.externaltools.gnu-tools-for-stm32.13.3.rel1.win32_1.0.0.202411081344/tools/bin/../lib/gcc/arm-none-eabi/13.3.1/../../../../arm-none-eabi/lib/thumb/v7-m/nofp\libc_nano.a(libc_a-mallocr.o)
 .debug_frame   0x00002ca8       0x30 D:/STM32Cube/STM32CubeIDE_1.14.1/STM32CubeIDE/plugins/com.st.stm32cube.ide.mcu.externaltools.gnu-tools-for-stm32.13.3.rel1.win32_1.0.0.202411081344/tools/bin/../lib/gcc/arm-none-eabi/13.3.1/../../../../arm-none-eabi/lib/thumb/v7-m/nofp\libc_nano.a(libc_a-mlock.o)
 .debug_frame   0x00002cd8      0x144 D:/STM32Cube/STM32CubeIDE_1.14.1/STM32CubeIDE/plugins/com.st.stm32cube.ide.mcu.externaltools.gnu-tools-for-stm32.13.3.rel1.win32_1.0.0.202411081344/tools/bin/../lib/gcc/arm-none-eabi/13.3.1/../../../../arm-none-eabi/lib/thumb/v7-m/nofp\libc_nano.a(libc_a-findfp.o)
 .debug_frame   0x00002e1c       0x20 D:/STM32Cube/STM32CubeIDE_1.14.1/STM32CubeIDE/plugins/com.st.stm32cube.ide.mcu.externaltools.gnu-tools-for-stm32.13.3.rel1.win32_1.0.0.202411081344/tools/bin/../lib/gcc/arm-none-eabi/13.3.1/../../../../arm-none-eabi/lib/thumb/v7-m/nofp\libc_nano.a(libc_a-memset.o)
 .debug_frame   0x00002e3c       0x38 D:/STM32Cube/STM32CubeIDE_1.14.1/STM32CubeIDE/plugins/com.st.stm32cube.ide.mcu.externaltools.gnu-tools-for-stm32.13.3.rel1.win32_1.0.0.202411081344/tools/bin/../lib/gcc/arm-none-eabi/13.3.1/../../../../arm-none-eabi/lib/thumb/v7-m/nofp\libc_nano.a(libc_a-reent.o)
 .debug_frame   0x00002e74       0x2c D:/STM32Cube/STM32CubeIDE_1.14.1/STM32CubeIDE/plugins/com.st.stm32cube.ide.mcu.externaltools.gnu-tools-for-stm32.13.3.rel1.win32_1.0.0.202411081344/tools/bin/../lib/gcc/arm-none-eabi/13.3.1/../../../../arm-none-eabi/lib/thumb/v7-m/nofp\libc_nano.a(libc_a-sbrkr.o)
 .debug_frame   0x00002ea0       0x20 D:/STM32Cube/STM32CubeIDE_1.14.1/STM32CubeIDE/plugins/com.st.stm32cube.ide.mcu.externaltools.gnu-tools-for-stm32.13.3.rel1.win32_1.0.0.202411081344/tools/bin/../lib/gcc/arm-none-eabi/13.3.1/../../../../arm-none-eabi/lib/thumb/v7-m/nofp\libc_nano.a(libc_a-errno.o)
 .debug_frame   0x00002ec0       0x2c D:/STM32Cube/STM32CubeIDE_1.14.1/STM32CubeIDE/plugins/com.st.stm32cube.ide.mcu.externaltools.gnu-tools-for-stm32.13.3.rel1.win32_1.0.0.202411081344/tools/bin/../lib/gcc/arm-none-eabi/13.3.1/../../../../arm-none-eabi/lib/thumb/v7-m/nofp\libc_nano.a(libc_a-init.o)
 .debug_frame   0x00002eec       0xb0 D:/STM32Cube/STM32CubeIDE_1.14.1/STM32CubeIDE/plugins/com.st.stm32cube.ide.mcu.externaltools.gnu-tools-for-stm32.13.3.rel1.win32_1.0.0.202411081344/tools/bin/../lib/gcc/arm-none-eabi/13.3.1/../../../../arm-none-eabi/lib/thumb/v7-m/nofp\libc_nano.a(libc_a-lock.o)
 .debug_frame   0x00002f9c       0x38 D:/STM32Cube/STM32CubeIDE_1.14.1/STM32CubeIDE/plugins/com.st.stm32cube.ide.mcu.externaltools.gnu-tools-for-stm32.13.3.rel1.win32_1.0.0.202411081344/tools/bin/../lib/gcc/arm-none-eabi/13.3.1/../../../../arm-none-eabi/lib/thumb/v7-m/nofp\libc_nano.a(libc_a-freer.o)

.debug_line_str
                0x00000000       0x62
 .debug_line_str
                0x00000000       0x62 ./Core/Startup/startup_stm32f103c6ux.o
